/home/jeromeku/verl/thirdparty/megatron-lm/megatron/core/models/backends.py:21: UserWarning: Apex is not installed. Falling back to Torch Norm
  warnings.warn("Apex is not installed. Falling back to Torch Norm")
/home/jeromeku/verl/thirdparty/megatron-lm/megatron/core/models/gpt/gpt_layer_specs.py:67: UserWarning: Apex is not installed. Falling back to Torch Norm
  warnings.warn("Apex is not installed. Falling back to Torch Norm")
/home/jeromeku/verl/thirdparty/megatron-lm/megatron/core/transformer/transformer_config.py:1251: UserWarning: Using a large number of experts (e.g. >=32) without fp32 routing. Consider enabling moe_router_dtype for better numerical stability.
  warnings.warn(
/home/jeromeku/verl/thirdparty/transformerengine/transformer_engine/pytorch/cpu_offload.py:673: DeprecationWarning: Offloading weights is deprecated. Using offload_weights=True does not have any effect.
  warnings.warn(
 > number of parameters on (tensor, pipeline) model parallel rank (0, 0): 1236015232
local_name='embedding.word_embeddings.weight' hf_names=['model.embed_tokens.weight'] param.shape=torch.Size([151936, 2048]) param.dtype=torch.bfloat16 mcore_weight.shape=torch.Size([151936, 2048]) mcore_weight.dtype=torch.bfloat16 
param_to_load.shape=torch.Size([151936, 2048])
[torch.Size([151936, 2048])]
local_name='decoder.layers.0.self_attention.linear_proj.weight' hf_names=['model.layers.0.self_attn.o_proj.weight'] param.shape=torch.Size([2048, 2048]) param.dtype=torch.bfloat16 mcore_weight.shape=torch.Size([2048, 2048]) mcore_weight.dtype=torch.bfloat16 
param_to_load.shape=torch.Size([2048, 2048])
[torch.Size([2048, 2048])]
local_name='decoder.layers.0.self_attention.linear_qkv.layer_norm_weight' hf_names=['model.layers.0.input_layernorm.weight'] param.shape=torch.Size([2048]) param.dtype=torch.bfloat16 mcore_weight.shape=torch.Size([2048]) mcore_weight.dtype=torch.bfloat16 
param_to_load.shape=torch.Size([2048])
[torch.Size([2048])]
local_name='decoder.layers.0.self_attention.linear_qkv.weight' hf_names=['model.layers.0.self_attn.q_proj.weight', 'model.layers.0.self_attn.k_proj.weight', 'model.layers.0.self_attn.v_proj.weight'] param.shape=torch.Size([2560, 2048]) param.dtype=torch.bfloat16 mcore_weight.shape=torch.Size([2560, 2048]) mcore_weight.dtype=torch.bfloat16 
param_to_load.shape=torch.Size([2560, 2048])
[torch.Size([2560, 2048])]
local_name='decoder.layers.0.self_attention.q_layernorm.weight' hf_names=['model.layers.0.self_attn.q_norm.weight'] param.shape=torch.Size([64]) param.dtype=torch.bfloat16 mcore_weight.shape=torch.Size([64]) mcore_weight.dtype=torch.bfloat16 
param_to_load.shape=torch.Size([64])
[torch.Size([64])]
local_name='decoder.layers.0.self_attention.k_layernorm.weight' hf_names=['model.layers.0.self_attn.k_norm.weight'] param.shape=torch.Size([64]) param.dtype=torch.bfloat16 mcore_weight.shape=torch.Size([64]) mcore_weight.dtype=torch.bfloat16 
param_to_load.shape=torch.Size([64])
[torch.Size([64])]
local_name='decoder.layers.0.pre_mlp_layernorm.weight' hf_names=['model.layers.0.post_attention_layernorm.weight'] param.shape=torch.Size([2048]) param.dtype=torch.bfloat16 mcore_weight.shape=torch.Size([2048]) mcore_weight.dtype=torch.bfloat16 
param_to_load.shape=torch.Size([2048])
[torch.Size([2048])]
local_name='decoder.layers.0.mlp.router.weight' hf_names=['model.layers.0.mlp.gate.weight'] param.shape=torch.Size([128, 2048]) param.dtype=torch.bfloat16 mcore_weight.shape=torch.Size([128, 2048]) mcore_weight.dtype=torch.bfloat16 
param_to_load.shape=torch.Size([128, 2048])
[torch.Size([128, 2048])]
local_name='decoder.layers.0.mlp.experts.linear_fc1.weight0' hf_names=['model.layers.0.mlp.experts.0.gate_proj.weight', 'model.layers.0.mlp.experts.0.up_proj.weight'] param.shape=torch.Size([1536, 2048]) param.dtype=torch.bfloat16 mcore_weight.shape=torch.Size([1536, 2048]) mcore_weight.dtype=torch.bfloat16 
local_name='decoder.layers.0.mlp.experts.linear_fc1.weight1' hf_names=['model.layers.0.mlp.experts.1.gate_proj.weight', 'model.layers.0.mlp.experts.1.up_proj.weight'] param.shape=torch.Size([1536, 2048]) param.dtype=torch.bfloat16 mcore_weight.shape=torch.Size([1536, 2048]) mcore_weight.dtype=torch.bfloat16 
local_name='decoder.layers.0.mlp.experts.linear_fc1.weight2' hf_names=['model.layers.0.mlp.experts.2.gate_proj.weight', 'model.layers.0.mlp.experts.2.up_proj.weight'] param.shape=torch.Size([1536, 2048]) param.dtype=torch.bfloat16 mcore_weight.shape=torch.Size([1536, 2048]) mcore_weight.dtype=torch.bfloat16 
local_name='decoder.layers.0.mlp.experts.linear_fc1.weight3' hf_names=['model.layers.0.mlp.experts.3.gate_proj.weight', 'model.layers.0.mlp.experts.3.up_proj.weight'] param.shape=torch.Size([1536, 2048]) param.dtype=torch.bfloat16 mcore_weight.shape=torch.Size([1536, 2048]) mcore_weight.dtype=torch.bfloat16 
local_name='decoder.layers.0.mlp.experts.linear_fc1.weight4' hf_names=['model.layers.0.mlp.experts.4.gate_proj.weight', 'model.layers.0.mlp.experts.4.up_proj.weight'] param.shape=torch.Size([1536, 2048]) param.dtype=torch.bfloat16 mcore_weight.shape=torch.Size([1536, 2048]) mcore_weight.dtype=torch.bfloat16 
local_name='decoder.layers.0.mlp.experts.linear_fc1.weight5' hf_names=['model.layers.0.mlp.experts.5.gate_proj.weight', 'model.layers.0.mlp.experts.5.up_proj.weight'] param.shape=torch.Size([1536, 2048]) param.dtype=torch.bfloat16 mcore_weight.shape=torch.Size([1536, 2048]) mcore_weight.dtype=torch.bfloat16 
local_name='decoder.layers.0.mlp.experts.linear_fc1.weight6' hf_names=['model.layers.0.mlp.experts.6.gate_proj.weight', 'model.layers.0.mlp.experts.6.up_proj.weight'] param.shape=torch.Size([1536, 2048]) param.dtype=torch.bfloat16 mcore_weight.shape=torch.Size([1536, 2048]) mcore_weight.dtype=torch.bfloat16 
local_name='decoder.layers.0.mlp.experts.linear_fc1.weight7' hf_names=['model.layers.0.mlp.experts.7.gate_proj.weight', 'model.layers.0.mlp.experts.7.up_proj.weight'] param.shape=torch.Size([1536, 2048]) param.dtype=torch.bfloat16 mcore_weight.shape=torch.Size([1536, 2048]) mcore_weight.dtype=torch.bfloat16 
local_name='decoder.layers.0.mlp.experts.linear_fc1.weight8' hf_names=['model.layers.0.mlp.experts.8.gate_proj.weight', 'model.layers.0.mlp.experts.8.up_proj.weight'] param.shape=torch.Size([1536, 2048]) param.dtype=torch.bfloat16 mcore_weight.shape=torch.Size([1536, 2048]) mcore_weight.dtype=torch.bfloat16 
local_name='decoder.layers.0.mlp.experts.linear_fc1.weight9' hf_names=['model.layers.0.mlp.experts.9.gate_proj.weight', 'model.layers.0.mlp.experts.9.up_proj.weight'] param.shape=torch.Size([1536, 2048]) param.dtype=torch.bfloat16 mcore_weight.shape=torch.Size([1536, 2048]) mcore_weight.dtype=torch.bfloat16 
local_name='decoder.layers.0.mlp.experts.linear_fc1.weight10' hf_names=['model.layers.0.mlp.experts.10.gate_proj.weight', 'model.layers.0.mlp.experts.10.up_proj.weight'] param.shape=torch.Size([1536, 2048]) param.dtype=torch.bfloat16 mcore_weight.shape=torch.Size([1536, 2048]) mcore_weight.dtype=torch.bfloat16 
local_name='decoder.layers.0.mlp.experts.linear_fc1.weight11' hf_names=['model.layers.0.mlp.experts.11.gate_proj.weight', 'model.layers.0.mlp.experts.11.up_proj.weight'] param.shape=torch.Size([1536, 2048]) param.dtype=torch.bfloat16 mcore_weight.shape=torch.Size([1536, 2048]) mcore_weight.dtype=torch.bfloat16 
local_name='decoder.layers.0.mlp.experts.linear_fc1.weight12' hf_names=['model.layers.0.mlp.experts.12.gate_proj.weight', 'model.layers.0.mlp.experts.12.up_proj.weight'] param.shape=torch.Size([1536, 2048]) param.dtype=torch.bfloat16 mcore_weight.shape=torch.Size([1536, 2048]) mcore_weight.dtype=torch.bfloat16 
local_name='decoder.layers.0.mlp.experts.linear_fc1.weight13' hf_names=['model.layers.0.mlp.experts.13.gate_proj.weight', 'model.layers.0.mlp.experts.13.up_proj.weight'] param.shape=torch.Size([1536, 2048]) param.dtype=torch.bfloat16 mcore_weight.shape=torch.Size([1536, 2048]) mcore_weight.dtype=torch.bfloat16 
local_name='decoder.layers.0.mlp.experts.linear_fc1.weight14' hf_names=['model.layers.0.mlp.experts.14.gate_proj.weight', 'model.layers.0.mlp.experts.14.up_proj.weight'] param.shape=torch.Size([1536, 2048]) param.dtype=torch.bfloat16 mcore_weight.shape=torch.Size([1536, 2048]) mcore_weight.dtype=torch.bfloat16 
local_name='decoder.layers.0.mlp.experts.linear_fc1.weight15' hf_names=['model.layers.0.mlp.experts.15.gate_proj.weight', 'model.layers.0.mlp.experts.15.up_proj.weight'] param.shape=torch.Size([1536, 2048]) param.dtype=torch.bfloat16 mcore_weight.shape=torch.Size([1536, 2048]) mcore_weight.dtype=torch.bfloat16 
local_name='decoder.layers.0.mlp.experts.linear_fc1.weight16' hf_names=['model.layers.0.mlp.experts.16.gate_proj.weight', 'model.layers.0.mlp.experts.16.up_proj.weight'] param.shape=torch.Size([1536, 2048]) param.dtype=torch.bfloat16 mcore_weight.shape=torch.Size([1536, 2048]) mcore_weight.dtype=torch.bfloat16 
local_name='decoder.layers.0.mlp.experts.linear_fc1.weight17' hf_names=['model.layers.0.mlp.experts.17.gate_proj.weight', 'model.layers.0.mlp.experts.17.up_proj.weight'] param.shape=torch.Size([1536, 2048]) param.dtype=torch.bfloat16 mcore_weight.shape=torch.Size([1536, 2048]) mcore_weight.dtype=torch.bfloat16 
local_name='decoder.layers.0.mlp.experts.linear_fc1.weight18' hf_names=['model.layers.0.mlp.experts.18.gate_proj.weight', 'model.layers.0.mlp.experts.18.up_proj.weight'] param.shape=torch.Size([1536, 2048]) param.dtype=torch.bfloat16 mcore_weight.shape=torch.Size([1536, 2048]) mcore_weight.dtype=torch.bfloat16 
local_name='decoder.layers.0.mlp.experts.linear_fc1.weight19' hf_names=['model.layers.0.mlp.experts.19.gate_proj.weight', 'model.layers.0.mlp.experts.19.up_proj.weight'] param.shape=torch.Size([1536, 2048]) param.dtype=torch.bfloat16 mcore_weight.shape=torch.Size([1536, 2048]) mcore_weight.dtype=torch.bfloat16 
local_name='decoder.layers.0.mlp.experts.linear_fc1.weight20' hf_names=['model.layers.0.mlp.experts.20.gate_proj.weight', 'model.layers.0.mlp.experts.20.up_proj.weight'] param.shape=torch.Size([1536, 2048]) param.dtype=torch.bfloat16 mcore_weight.shape=torch.Size([1536, 2048]) mcore_weight.dtype=torch.bfloat16 
local_name='decoder.layers.0.mlp.experts.linear_fc1.weight21' hf_names=['model.layers.0.mlp.experts.21.gate_proj.weight', 'model.layers.0.mlp.experts.21.up_proj.weight'] param.shape=torch.Size([1536, 2048]) param.dtype=torch.bfloat16 mcore_weight.shape=torch.Size([1536, 2048]) mcore_weight.dtype=torch.bfloat16 
local_name='decoder.layers.0.mlp.experts.linear_fc1.weight22' hf_names=['model.layers.0.mlp.experts.22.gate_proj.weight', 'model.layers.0.mlp.experts.22.up_proj.weight'] param.shape=torch.Size([1536, 2048]) param.dtype=torch.bfloat16 mcore_weight.shape=torch.Size([1536, 2048]) mcore_weight.dtype=torch.bfloat16 
local_name='decoder.layers.0.mlp.experts.linear_fc1.weight23' hf_names=['model.layers.0.mlp.experts.23.gate_proj.weight', 'model.layers.0.mlp.experts.23.up_proj.weight'] param.shape=torch.Size([1536, 2048]) param.dtype=torch.bfloat16 mcore_weight.shape=torch.Size([1536, 2048]) mcore_weight.dtype=torch.bfloat16 
local_name='decoder.layers.0.mlp.experts.linear_fc1.weight24' hf_names=['model.layers.0.mlp.experts.24.gate_proj.weight', 'model.layers.0.mlp.experts.24.up_proj.weight'] param.shape=torch.Size([1536, 2048]) param.dtype=torch.bfloat16 mcore_weight.shape=torch.Size([1536, 2048]) mcore_weight.dtype=torch.bfloat16 
local_name='decoder.layers.0.mlp.experts.linear_fc1.weight25' hf_names=['model.layers.0.mlp.experts.25.gate_proj.weight', 'model.layers.0.mlp.experts.25.up_proj.weight'] param.shape=torch.Size([1536, 2048]) param.dtype=torch.bfloat16 mcore_weight.shape=torch.Size([1536, 2048]) mcore_weight.dtype=torch.bfloat16 
local_name='decoder.layers.0.mlp.experts.linear_fc1.weight26' hf_names=['model.layers.0.mlp.experts.26.gate_proj.weight', 'model.layers.0.mlp.experts.26.up_proj.weight'] param.shape=torch.Size([1536, 2048]) param.dtype=torch.bfloat16 mcore_weight.shape=torch.Size([1536, 2048]) mcore_weight.dtype=torch.bfloat16 
local_name='decoder.layers.0.mlp.experts.linear_fc1.weight27' hf_names=['model.layers.0.mlp.experts.27.gate_proj.weight', 'model.layers.0.mlp.experts.27.up_proj.weight'] param.shape=torch.Size([1536, 2048]) param.dtype=torch.bfloat16 mcore_weight.shape=torch.Size([1536, 2048]) mcore_weight.dtype=torch.bfloat16 
local_name='decoder.layers.0.mlp.experts.linear_fc1.weight28' hf_names=['model.layers.0.mlp.experts.28.gate_proj.weight', 'model.layers.0.mlp.experts.28.up_proj.weight'] param.shape=torch.Size([1536, 2048]) param.dtype=torch.bfloat16 mcore_weight.shape=torch.Size([1536, 2048]) mcore_weight.dtype=torch.bfloat16 
local_name='decoder.layers.0.mlp.experts.linear_fc1.weight29' hf_names=['model.layers.0.mlp.experts.29.gate_proj.weight', 'model.layers.0.mlp.experts.29.up_proj.weight'] param.shape=torch.Size([1536, 2048]) param.dtype=torch.bfloat16 mcore_weight.shape=torch.Size([1536, 2048]) mcore_weight.dtype=torch.bfloat16 
local_name='decoder.layers.0.mlp.experts.linear_fc1.weight30' hf_names=['model.layers.0.mlp.experts.30.gate_proj.weight', 'model.layers.0.mlp.experts.30.up_proj.weight'] param.shape=torch.Size([1536, 2048]) param.dtype=torch.bfloat16 mcore_weight.shape=torch.Size([1536, 2048]) mcore_weight.dtype=torch.bfloat16 
local_name='decoder.layers.0.mlp.experts.linear_fc1.weight31' hf_names=['model.layers.0.mlp.experts.31.gate_proj.weight', 'model.layers.0.mlp.experts.31.up_proj.weight'] param.shape=torch.Size([1536, 2048]) param.dtype=torch.bfloat16 mcore_weight.shape=torch.Size([1536, 2048]) mcore_weight.dtype=torch.bfloat16 
local_name='decoder.layers.0.mlp.experts.linear_fc1.weight32' hf_names=['model.layers.0.mlp.experts.32.gate_proj.weight', 'model.layers.0.mlp.experts.32.up_proj.weight'] param.shape=torch.Size([1536, 2048]) param.dtype=torch.bfloat16 mcore_weight.shape=torch.Size([1536, 2048]) mcore_weight.dtype=torch.bfloat16 
local_name='decoder.layers.0.mlp.experts.linear_fc1.weight33' hf_names=['model.layers.0.mlp.experts.33.gate_proj.weight', 'model.layers.0.mlp.experts.33.up_proj.weight'] param.shape=torch.Size([1536, 2048]) param.dtype=torch.bfloat16 mcore_weight.shape=torch.Size([1536, 2048]) mcore_weight.dtype=torch.bfloat16 
local_name='decoder.layers.0.mlp.experts.linear_fc1.weight34' hf_names=['model.layers.0.mlp.experts.34.gate_proj.weight', 'model.layers.0.mlp.experts.34.up_proj.weight'] param.shape=torch.Size([1536, 2048]) param.dtype=torch.bfloat16 mcore_weight.shape=torch.Size([1536, 2048]) mcore_weight.dtype=torch.bfloat16 
local_name='decoder.layers.0.mlp.experts.linear_fc1.weight35' hf_names=['model.layers.0.mlp.experts.35.gate_proj.weight', 'model.layers.0.mlp.experts.35.up_proj.weight'] param.shape=torch.Size([1536, 2048]) param.dtype=torch.bfloat16 mcore_weight.shape=torch.Size([1536, 2048]) mcore_weight.dtype=torch.bfloat16 
local_name='decoder.layers.0.mlp.experts.linear_fc1.weight36' hf_names=['model.layers.0.mlp.experts.36.gate_proj.weight', 'model.layers.0.mlp.experts.36.up_proj.weight'] param.shape=torch.Size([1536, 2048]) param.dtype=torch.bfloat16 mcore_weight.shape=torch.Size([1536, 2048]) mcore_weight.dtype=torch.bfloat16 
local_name='decoder.layers.0.mlp.experts.linear_fc1.weight37' hf_names=['model.layers.0.mlp.experts.37.gate_proj.weight', 'model.layers.0.mlp.experts.37.up_proj.weight'] param.shape=torch.Size([1536, 2048]) param.dtype=torch.bfloat16 mcore_weight.shape=torch.Size([1536, 2048]) mcore_weight.dtype=torch.bfloat16 
local_name='decoder.layers.0.mlp.experts.linear_fc1.weight38' hf_names=['model.layers.0.mlp.experts.38.gate_proj.weight', 'model.layers.0.mlp.experts.38.up_proj.weight'] param.shape=torch.Size([1536, 2048]) param.dtype=torch.bfloat16 mcore_weight.shape=torch.Size([1536, 2048]) mcore_weight.dtype=torch.bfloat16 
local_name='decoder.layers.0.mlp.experts.linear_fc1.weight39' hf_names=['model.layers.0.mlp.experts.39.gate_proj.weight', 'model.layers.0.mlp.experts.39.up_proj.weight'] param.shape=torch.Size([1536, 2048]) param.dtype=torch.bfloat16 mcore_weight.shape=torch.Size([1536, 2048]) mcore_weight.dtype=torch.bfloat16 
local_name='decoder.layers.0.mlp.experts.linear_fc1.weight40' hf_names=['model.layers.0.mlp.experts.40.gate_proj.weight', 'model.layers.0.mlp.experts.40.up_proj.weight'] param.shape=torch.Size([1536, 2048]) param.dtype=torch.bfloat16 mcore_weight.shape=torch.Size([1536, 2048]) mcore_weight.dtype=torch.bfloat16 
local_name='decoder.layers.0.mlp.experts.linear_fc1.weight41' hf_names=['model.layers.0.mlp.experts.41.gate_proj.weight', 'model.layers.0.mlp.experts.41.up_proj.weight'] param.shape=torch.Size([1536, 2048]) param.dtype=torch.bfloat16 mcore_weight.shape=torch.Size([1536, 2048]) mcore_weight.dtype=torch.bfloat16 
local_name='decoder.layers.0.mlp.experts.linear_fc1.weight42' hf_names=['model.layers.0.mlp.experts.42.gate_proj.weight', 'model.layers.0.mlp.experts.42.up_proj.weight'] param.shape=torch.Size([1536, 2048]) param.dtype=torch.bfloat16 mcore_weight.shape=torch.Size([1536, 2048]) mcore_weight.dtype=torch.bfloat16 
local_name='decoder.layers.0.mlp.experts.linear_fc1.weight43' hf_names=['model.layers.0.mlp.experts.43.gate_proj.weight', 'model.layers.0.mlp.experts.43.up_proj.weight'] param.shape=torch.Size([1536, 2048]) param.dtype=torch.bfloat16 mcore_weight.shape=torch.Size([1536, 2048]) mcore_weight.dtype=torch.bfloat16 
local_name='decoder.layers.0.mlp.experts.linear_fc1.weight44' hf_names=['model.layers.0.mlp.experts.44.gate_proj.weight', 'model.layers.0.mlp.experts.44.up_proj.weight'] param.shape=torch.Size([1536, 2048]) param.dtype=torch.bfloat16 mcore_weight.shape=torch.Size([1536, 2048]) mcore_weight.dtype=torch.bfloat16 
local_name='decoder.layers.0.mlp.experts.linear_fc1.weight45' hf_names=['model.layers.0.mlp.experts.45.gate_proj.weight', 'model.layers.0.mlp.experts.45.up_proj.weight'] param.shape=torch.Size([1536, 2048]) param.dtype=torch.bfloat16 mcore_weight.shape=torch.Size([1536, 2048]) mcore_weight.dtype=torch.bfloat16 
local_name='decoder.layers.0.mlp.experts.linear_fc1.weight46' hf_names=['model.layers.0.mlp.experts.46.gate_proj.weight', 'model.layers.0.mlp.experts.46.up_proj.weight'] param.shape=torch.Size([1536, 2048]) param.dtype=torch.bfloat16 mcore_weight.shape=torch.Size([1536, 2048]) mcore_weight.dtype=torch.bfloat16 
local_name='decoder.layers.0.mlp.experts.linear_fc1.weight47' hf_names=['model.layers.0.mlp.experts.47.gate_proj.weight', 'model.layers.0.mlp.experts.47.up_proj.weight'] param.shape=torch.Size([1536, 2048]) param.dtype=torch.bfloat16 mcore_weight.shape=torch.Size([1536, 2048]) mcore_weight.dtype=torch.bfloat16 
local_name='decoder.layers.0.mlp.experts.linear_fc1.weight48' hf_names=['model.layers.0.mlp.experts.48.gate_proj.weight', 'model.layers.0.mlp.experts.48.up_proj.weight'] param.shape=torch.Size([1536, 2048]) param.dtype=torch.bfloat16 mcore_weight.shape=torch.Size([1536, 2048]) mcore_weight.dtype=torch.bfloat16 
local_name='decoder.layers.0.mlp.experts.linear_fc1.weight49' hf_names=['model.layers.0.mlp.experts.49.gate_proj.weight', 'model.layers.0.mlp.experts.49.up_proj.weight'] param.shape=torch.Size([1536, 2048]) param.dtype=torch.bfloat16 mcore_weight.shape=torch.Size([1536, 2048]) mcore_weight.dtype=torch.bfloat16 
local_name='decoder.layers.0.mlp.experts.linear_fc1.weight50' hf_names=['model.layers.0.mlp.experts.50.gate_proj.weight', 'model.layers.0.mlp.experts.50.up_proj.weight'] param.shape=torch.Size([1536, 2048]) param.dtype=torch.bfloat16 mcore_weight.shape=torch.Size([1536, 2048]) mcore_weight.dtype=torch.bfloat16 
local_name='decoder.layers.0.mlp.experts.linear_fc1.weight51' hf_names=['model.layers.0.mlp.experts.51.gate_proj.weight', 'model.layers.0.mlp.experts.51.up_proj.weight'] param.shape=torch.Size([1536, 2048]) param.dtype=torch.bfloat16 mcore_weight.shape=torch.Size([1536, 2048]) mcore_weight.dtype=torch.bfloat16 
local_name='decoder.layers.0.mlp.experts.linear_fc1.weight52' hf_names=['model.layers.0.mlp.experts.52.gate_proj.weight', 'model.layers.0.mlp.experts.52.up_proj.weight'] param.shape=torch.Size([1536, 2048]) param.dtype=torch.bfloat16 mcore_weight.shape=torch.Size([1536, 2048]) mcore_weight.dtype=torch.bfloat16 
local_name='decoder.layers.0.mlp.experts.linear_fc1.weight53' hf_names=['model.layers.0.mlp.experts.53.gate_proj.weight', 'model.layers.0.mlp.experts.53.up_proj.weight'] param.shape=torch.Size([1536, 2048]) param.dtype=torch.bfloat16 mcore_weight.shape=torch.Size([1536, 2048]) mcore_weight.dtype=torch.bfloat16 
local_name='decoder.layers.0.mlp.experts.linear_fc1.weight54' hf_names=['model.layers.0.mlp.experts.54.gate_proj.weight', 'model.layers.0.mlp.experts.54.up_proj.weight'] param.shape=torch.Size([1536, 2048]) param.dtype=torch.bfloat16 mcore_weight.shape=torch.Size([1536, 2048]) mcore_weight.dtype=torch.bfloat16 
local_name='decoder.layers.0.mlp.experts.linear_fc1.weight55' hf_names=['model.layers.0.mlp.experts.55.gate_proj.weight', 'model.layers.0.mlp.experts.55.up_proj.weight'] param.shape=torch.Size([1536, 2048]) param.dtype=torch.bfloat16 mcore_weight.shape=torch.Size([1536, 2048]) mcore_weight.dtype=torch.bfloat16 
local_name='decoder.layers.0.mlp.experts.linear_fc1.weight56' hf_names=['model.layers.0.mlp.experts.56.gate_proj.weight', 'model.layers.0.mlp.experts.56.up_proj.weight'] param.shape=torch.Size([1536, 2048]) param.dtype=torch.bfloat16 mcore_weight.shape=torch.Size([1536, 2048]) mcore_weight.dtype=torch.bfloat16 
local_name='decoder.layers.0.mlp.experts.linear_fc1.weight57' hf_names=['model.layers.0.mlp.experts.57.gate_proj.weight', 'model.layers.0.mlp.experts.57.up_proj.weight'] param.shape=torch.Size([1536, 2048]) param.dtype=torch.bfloat16 mcore_weight.shape=torch.Size([1536, 2048]) mcore_weight.dtype=torch.bfloat16 
local_name='decoder.layers.0.mlp.experts.linear_fc1.weight58' hf_names=['model.layers.0.mlp.experts.58.gate_proj.weight', 'model.layers.0.mlp.experts.58.up_proj.weight'] param.shape=torch.Size([1536, 2048]) param.dtype=torch.bfloat16 mcore_weight.shape=torch.Size([1536, 2048]) mcore_weight.dtype=torch.bfloat16 
local_name='decoder.layers.0.mlp.experts.linear_fc1.weight59' hf_names=['model.layers.0.mlp.experts.59.gate_proj.weight', 'model.layers.0.mlp.experts.59.up_proj.weight'] param.shape=torch.Size([1536, 2048]) param.dtype=torch.bfloat16 mcore_weight.shape=torch.Size([1536, 2048]) mcore_weight.dtype=torch.bfloat16 
local_name='decoder.layers.0.mlp.experts.linear_fc1.weight60' hf_names=['model.layers.0.mlp.experts.60.gate_proj.weight', 'model.layers.0.mlp.experts.60.up_proj.weight'] param.shape=torch.Size([1536, 2048]) param.dtype=torch.bfloat16 mcore_weight.shape=torch.Size([1536, 2048]) mcore_weight.dtype=torch.bfloat16 
local_name='decoder.layers.0.mlp.experts.linear_fc1.weight61' hf_names=['model.layers.0.mlp.experts.61.gate_proj.weight', 'model.layers.0.mlp.experts.61.up_proj.weight'] param.shape=torch.Size([1536, 2048]) param.dtype=torch.bfloat16 mcore_weight.shape=torch.Size([1536, 2048]) mcore_weight.dtype=torch.bfloat16 
local_name='decoder.layers.0.mlp.experts.linear_fc1.weight62' hf_names=['model.layers.0.mlp.experts.62.gate_proj.weight', 'model.layers.0.mlp.experts.62.up_proj.weight'] param.shape=torch.Size([1536, 2048]) param.dtype=torch.bfloat16 mcore_weight.shape=torch.Size([1536, 2048]) mcore_weight.dtype=torch.bfloat16 
local_name='decoder.layers.0.mlp.experts.linear_fc1.weight63' hf_names=['model.layers.0.mlp.experts.63.gate_proj.weight', 'model.layers.0.mlp.experts.63.up_proj.weight'] param.shape=torch.Size([1536, 2048]) param.dtype=torch.bfloat16 mcore_weight.shape=torch.Size([1536, 2048]) mcore_weight.dtype=torch.bfloat16 
local_name='decoder.layers.0.mlp.experts.linear_fc1.weight64' hf_names=['model.layers.0.mlp.experts.64.gate_proj.weight', 'model.layers.0.mlp.experts.64.up_proj.weight'] param.shape=torch.Size([1536, 2048]) param.dtype=torch.bfloat16 mcore_weight.shape=torch.Size([1536, 2048]) mcore_weight.dtype=torch.bfloat16 
local_name='decoder.layers.0.mlp.experts.linear_fc1.weight65' hf_names=['model.layers.0.mlp.experts.65.gate_proj.weight', 'model.layers.0.mlp.experts.65.up_proj.weight'] param.shape=torch.Size([1536, 2048]) param.dtype=torch.bfloat16 mcore_weight.shape=torch.Size([1536, 2048]) mcore_weight.dtype=torch.bfloat16 
local_name='decoder.layers.0.mlp.experts.linear_fc1.weight66' hf_names=['model.layers.0.mlp.experts.66.gate_proj.weight', 'model.layers.0.mlp.experts.66.up_proj.weight'] param.shape=torch.Size([1536, 2048]) param.dtype=torch.bfloat16 mcore_weight.shape=torch.Size([1536, 2048]) mcore_weight.dtype=torch.bfloat16 
local_name='decoder.layers.0.mlp.experts.linear_fc1.weight67' hf_names=['model.layers.0.mlp.experts.67.gate_proj.weight', 'model.layers.0.mlp.experts.67.up_proj.weight'] param.shape=torch.Size([1536, 2048]) param.dtype=torch.bfloat16 mcore_weight.shape=torch.Size([1536, 2048]) mcore_weight.dtype=torch.bfloat16 
local_name='decoder.layers.0.mlp.experts.linear_fc1.weight68' hf_names=['model.layers.0.mlp.experts.68.gate_proj.weight', 'model.layers.0.mlp.experts.68.up_proj.weight'] param.shape=torch.Size([1536, 2048]) param.dtype=torch.bfloat16 mcore_weight.shape=torch.Size([1536, 2048]) mcore_weight.dtype=torch.bfloat16 
local_name='decoder.layers.0.mlp.experts.linear_fc1.weight69' hf_names=['model.layers.0.mlp.experts.69.gate_proj.weight', 'model.layers.0.mlp.experts.69.up_proj.weight'] param.shape=torch.Size([1536, 2048]) param.dtype=torch.bfloat16 mcore_weight.shape=torch.Size([1536, 2048]) mcore_weight.dtype=torch.bfloat16 
local_name='decoder.layers.0.mlp.experts.linear_fc1.weight70' hf_names=['model.layers.0.mlp.experts.70.gate_proj.weight', 'model.layers.0.mlp.experts.70.up_proj.weight'] param.shape=torch.Size([1536, 2048]) param.dtype=torch.bfloat16 mcore_weight.shape=torch.Size([1536, 2048]) mcore_weight.dtype=torch.bfloat16 
local_name='decoder.layers.0.mlp.experts.linear_fc1.weight71' hf_names=['model.layers.0.mlp.experts.71.gate_proj.weight', 'model.layers.0.mlp.experts.71.up_proj.weight'] param.shape=torch.Size([1536, 2048]) param.dtype=torch.bfloat16 mcore_weight.shape=torch.Size([1536, 2048]) mcore_weight.dtype=torch.bfloat16 
local_name='decoder.layers.0.mlp.experts.linear_fc1.weight72' hf_names=['model.layers.0.mlp.experts.72.gate_proj.weight', 'model.layers.0.mlp.experts.72.up_proj.weight'] param.shape=torch.Size([1536, 2048]) param.dtype=torch.bfloat16 mcore_weight.shape=torch.Size([1536, 2048]) mcore_weight.dtype=torch.bfloat16 
local_name='decoder.layers.0.mlp.experts.linear_fc1.weight73' hf_names=['model.layers.0.mlp.experts.73.gate_proj.weight', 'model.layers.0.mlp.experts.73.up_proj.weight'] param.shape=torch.Size([1536, 2048]) param.dtype=torch.bfloat16 mcore_weight.shape=torch.Size([1536, 2048]) mcore_weight.dtype=torch.bfloat16 
local_name='decoder.layers.0.mlp.experts.linear_fc1.weight74' hf_names=['model.layers.0.mlp.experts.74.gate_proj.weight', 'model.layers.0.mlp.experts.74.up_proj.weight'] param.shape=torch.Size([1536, 2048]) param.dtype=torch.bfloat16 mcore_weight.shape=torch.Size([1536, 2048]) mcore_weight.dtype=torch.bfloat16 
local_name='decoder.layers.0.mlp.experts.linear_fc1.weight75' hf_names=['model.layers.0.mlp.experts.75.gate_proj.weight', 'model.layers.0.mlp.experts.75.up_proj.weight'] param.shape=torch.Size([1536, 2048]) param.dtype=torch.bfloat16 mcore_weight.shape=torch.Size([1536, 2048]) mcore_weight.dtype=torch.bfloat16 
local_name='decoder.layers.0.mlp.experts.linear_fc1.weight76' hf_names=['model.layers.0.mlp.experts.76.gate_proj.weight', 'model.layers.0.mlp.experts.76.up_proj.weight'] param.shape=torch.Size([1536, 2048]) param.dtype=torch.bfloat16 mcore_weight.shape=torch.Size([1536, 2048]) mcore_weight.dtype=torch.bfloat16 
local_name='decoder.layers.0.mlp.experts.linear_fc1.weight77' hf_names=['model.layers.0.mlp.experts.77.gate_proj.weight', 'model.layers.0.mlp.experts.77.up_proj.weight'] param.shape=torch.Size([1536, 2048]) param.dtype=torch.bfloat16 mcore_weight.shape=torch.Size([1536, 2048]) mcore_weight.dtype=torch.bfloat16 
local_name='decoder.layers.0.mlp.experts.linear_fc1.weight78' hf_names=['model.layers.0.mlp.experts.78.gate_proj.weight', 'model.layers.0.mlp.experts.78.up_proj.weight'] param.shape=torch.Size([1536, 2048]) param.dtype=torch.bfloat16 mcore_weight.shape=torch.Size([1536, 2048]) mcore_weight.dtype=torch.bfloat16 
local_name='decoder.layers.0.mlp.experts.linear_fc1.weight79' hf_names=['model.layers.0.mlp.experts.79.gate_proj.weight', 'model.layers.0.mlp.experts.79.up_proj.weight'] param.shape=torch.Size([1536, 2048]) param.dtype=torch.bfloat16 mcore_weight.shape=torch.Size([1536, 2048]) mcore_weight.dtype=torch.bfloat16 
local_name='decoder.layers.0.mlp.experts.linear_fc1.weight80' hf_names=['model.layers.0.mlp.experts.80.gate_proj.weight', 'model.layers.0.mlp.experts.80.up_proj.weight'] param.shape=torch.Size([1536, 2048]) param.dtype=torch.bfloat16 mcore_weight.shape=torch.Size([1536, 2048]) mcore_weight.dtype=torch.bfloat16 
local_name='decoder.layers.0.mlp.experts.linear_fc1.weight81' hf_names=['model.layers.0.mlp.experts.81.gate_proj.weight', 'model.layers.0.mlp.experts.81.up_proj.weight'] param.shape=torch.Size([1536, 2048]) param.dtype=torch.bfloat16 mcore_weight.shape=torch.Size([1536, 2048]) mcore_weight.dtype=torch.bfloat16 
local_name='decoder.layers.0.mlp.experts.linear_fc1.weight82' hf_names=['model.layers.0.mlp.experts.82.gate_proj.weight', 'model.layers.0.mlp.experts.82.up_proj.weight'] param.shape=torch.Size([1536, 2048]) param.dtype=torch.bfloat16 mcore_weight.shape=torch.Size([1536, 2048]) mcore_weight.dtype=torch.bfloat16 
local_name='decoder.layers.0.mlp.experts.linear_fc1.weight83' hf_names=['model.layers.0.mlp.experts.83.gate_proj.weight', 'model.layers.0.mlp.experts.83.up_proj.weight'] param.shape=torch.Size([1536, 2048]) param.dtype=torch.bfloat16 mcore_weight.shape=torch.Size([1536, 2048]) mcore_weight.dtype=torch.bfloat16 
local_name='decoder.layers.0.mlp.experts.linear_fc1.weight84' hf_names=['model.layers.0.mlp.experts.84.gate_proj.weight', 'model.layers.0.mlp.experts.84.up_proj.weight'] param.shape=torch.Size([1536, 2048]) param.dtype=torch.bfloat16 mcore_weight.shape=torch.Size([1536, 2048]) mcore_weight.dtype=torch.bfloat16 
local_name='decoder.layers.0.mlp.experts.linear_fc1.weight85' hf_names=['model.layers.0.mlp.experts.85.gate_proj.weight', 'model.layers.0.mlp.experts.85.up_proj.weight'] param.shape=torch.Size([1536, 2048]) param.dtype=torch.bfloat16 mcore_weight.shape=torch.Size([1536, 2048]) mcore_weight.dtype=torch.bfloat16 
local_name='decoder.layers.0.mlp.experts.linear_fc1.weight86' hf_names=['model.layers.0.mlp.experts.86.gate_proj.weight', 'model.layers.0.mlp.experts.86.up_proj.weight'] param.shape=torch.Size([1536, 2048]) param.dtype=torch.bfloat16 mcore_weight.shape=torch.Size([1536, 2048]) mcore_weight.dtype=torch.bfloat16 
local_name='decoder.layers.0.mlp.experts.linear_fc1.weight87' hf_names=['model.layers.0.mlp.experts.87.gate_proj.weight', 'model.layers.0.mlp.experts.87.up_proj.weight'] param.shape=torch.Size([1536, 2048]) param.dtype=torch.bfloat16 mcore_weight.shape=torch.Size([1536, 2048]) mcore_weight.dtype=torch.bfloat16 
local_name='decoder.layers.0.mlp.experts.linear_fc1.weight88' hf_names=['model.layers.0.mlp.experts.88.gate_proj.weight', 'model.layers.0.mlp.experts.88.up_proj.weight'] param.shape=torch.Size([1536, 2048]) param.dtype=torch.bfloat16 mcore_weight.shape=torch.Size([1536, 2048]) mcore_weight.dtype=torch.bfloat16 
local_name='decoder.layers.0.mlp.experts.linear_fc1.weight89' hf_names=['model.layers.0.mlp.experts.89.gate_proj.weight', 'model.layers.0.mlp.experts.89.up_proj.weight'] param.shape=torch.Size([1536, 2048]) param.dtype=torch.bfloat16 mcore_weight.shape=torch.Size([1536, 2048]) mcore_weight.dtype=torch.bfloat16 
local_name='decoder.layers.0.mlp.experts.linear_fc1.weight90' hf_names=['model.layers.0.mlp.experts.90.gate_proj.weight', 'model.layers.0.mlp.experts.90.up_proj.weight'] param.shape=torch.Size([1536, 2048]) param.dtype=torch.bfloat16 mcore_weight.shape=torch.Size([1536, 2048]) mcore_weight.dtype=torch.bfloat16 
local_name='decoder.layers.0.mlp.experts.linear_fc1.weight91' hf_names=['model.layers.0.mlp.experts.91.gate_proj.weight', 'model.layers.0.mlp.experts.91.up_proj.weight'] param.shape=torch.Size([1536, 2048]) param.dtype=torch.bfloat16 mcore_weight.shape=torch.Size([1536, 2048]) mcore_weight.dtype=torch.bfloat16 
local_name='decoder.layers.0.mlp.experts.linear_fc1.weight92' hf_names=['model.layers.0.mlp.experts.92.gate_proj.weight', 'model.layers.0.mlp.experts.92.up_proj.weight'] param.shape=torch.Size([1536, 2048]) param.dtype=torch.bfloat16 mcore_weight.shape=torch.Size([1536, 2048]) mcore_weight.dtype=torch.bfloat16 
local_name='decoder.layers.0.mlp.experts.linear_fc1.weight93' hf_names=['model.layers.0.mlp.experts.93.gate_proj.weight', 'model.layers.0.mlp.experts.93.up_proj.weight'] param.shape=torch.Size([1536, 2048]) param.dtype=torch.bfloat16 mcore_weight.shape=torch.Size([1536, 2048]) mcore_weight.dtype=torch.bfloat16 
local_name='decoder.layers.0.mlp.experts.linear_fc1.weight94' hf_names=['model.layers.0.mlp.experts.94.gate_proj.weight', 'model.layers.0.mlp.experts.94.up_proj.weight'] param.shape=torch.Size([1536, 2048]) param.dtype=torch.bfloat16 mcore_weight.shape=torch.Size([1536, 2048]) mcore_weight.dtype=torch.bfloat16 
local_name='decoder.layers.0.mlp.experts.linear_fc1.weight95' hf_names=['model.layers.0.mlp.experts.95.gate_proj.weight', 'model.layers.0.mlp.experts.95.up_proj.weight'] param.shape=torch.Size([1536, 2048]) param.dtype=torch.bfloat16 mcore_weight.shape=torch.Size([1536, 2048]) mcore_weight.dtype=torch.bfloat16 
local_name='decoder.layers.0.mlp.experts.linear_fc1.weight96' hf_names=['model.layers.0.mlp.experts.96.gate_proj.weight', 'model.layers.0.mlp.experts.96.up_proj.weight'] param.shape=torch.Size([1536, 2048]) param.dtype=torch.bfloat16 mcore_weight.shape=torch.Size([1536, 2048]) mcore_weight.dtype=torch.bfloat16 
local_name='decoder.layers.0.mlp.experts.linear_fc1.weight97' hf_names=['model.layers.0.mlp.experts.97.gate_proj.weight', 'model.layers.0.mlp.experts.97.up_proj.weight'] param.shape=torch.Size([1536, 2048]) param.dtype=torch.bfloat16 mcore_weight.shape=torch.Size([1536, 2048]) mcore_weight.dtype=torch.bfloat16 
local_name='decoder.layers.0.mlp.experts.linear_fc1.weight98' hf_names=['model.layers.0.mlp.experts.98.gate_proj.weight', 'model.layers.0.mlp.experts.98.up_proj.weight'] param.shape=torch.Size([1536, 2048]) param.dtype=torch.bfloat16 mcore_weight.shape=torch.Size([1536, 2048]) mcore_weight.dtype=torch.bfloat16 
local_name='decoder.layers.0.mlp.experts.linear_fc1.weight99' hf_names=['model.layers.0.mlp.experts.99.gate_proj.weight', 'model.layers.0.mlp.experts.99.up_proj.weight'] param.shape=torch.Size([1536, 2048]) param.dtype=torch.bfloat16 mcore_weight.shape=torch.Size([1536, 2048]) mcore_weight.dtype=torch.bfloat16 
local_name='decoder.layers.0.mlp.experts.linear_fc1.weight100' hf_names=['model.layers.0.mlp.experts.100.gate_proj.weight', 'model.layers.0.mlp.experts.100.up_proj.weight'] param.shape=torch.Size([1536, 2048]) param.dtype=torch.bfloat16 mcore_weight.shape=torch.Size([1536, 2048]) mcore_weight.dtype=torch.bfloat16 
local_name='decoder.layers.0.mlp.experts.linear_fc1.weight101' hf_names=['model.layers.0.mlp.experts.101.gate_proj.weight', 'model.layers.0.mlp.experts.101.up_proj.weight'] param.shape=torch.Size([1536, 2048]) param.dtype=torch.bfloat16 mcore_weight.shape=torch.Size([1536, 2048]) mcore_weight.dtype=torch.bfloat16 
local_name='decoder.layers.0.mlp.experts.linear_fc1.weight102' hf_names=['model.layers.0.mlp.experts.102.gate_proj.weight', 'model.layers.0.mlp.experts.102.up_proj.weight'] param.shape=torch.Size([1536, 2048]) param.dtype=torch.bfloat16 mcore_weight.shape=torch.Size([1536, 2048]) mcore_weight.dtype=torch.bfloat16 
local_name='decoder.layers.0.mlp.experts.linear_fc1.weight103' hf_names=['model.layers.0.mlp.experts.103.gate_proj.weight', 'model.layers.0.mlp.experts.103.up_proj.weight'] param.shape=torch.Size([1536, 2048]) param.dtype=torch.bfloat16 mcore_weight.shape=torch.Size([1536, 2048]) mcore_weight.dtype=torch.bfloat16 
local_name='decoder.layers.0.mlp.experts.linear_fc1.weight104' hf_names=['model.layers.0.mlp.experts.104.gate_proj.weight', 'model.layers.0.mlp.experts.104.up_proj.weight'] param.shape=torch.Size([1536, 2048]) param.dtype=torch.bfloat16 mcore_weight.shape=torch.Size([1536, 2048]) mcore_weight.dtype=torch.bfloat16 
local_name='decoder.layers.0.mlp.experts.linear_fc1.weight105' hf_names=['model.layers.0.mlp.experts.105.gate_proj.weight', 'model.layers.0.mlp.experts.105.up_proj.weight'] param.shape=torch.Size([1536, 2048]) param.dtype=torch.bfloat16 mcore_weight.shape=torch.Size([1536, 2048]) mcore_weight.dtype=torch.bfloat16 
local_name='decoder.layers.0.mlp.experts.linear_fc1.weight106' hf_names=['model.layers.0.mlp.experts.106.gate_proj.weight', 'model.layers.0.mlp.experts.106.up_proj.weight'] param.shape=torch.Size([1536, 2048]) param.dtype=torch.bfloat16 mcore_weight.shape=torch.Size([1536, 2048]) mcore_weight.dtype=torch.bfloat16 
local_name='decoder.layers.0.mlp.experts.linear_fc1.weight107' hf_names=['model.layers.0.mlp.experts.107.gate_proj.weight', 'model.layers.0.mlp.experts.107.up_proj.weight'] param.shape=torch.Size([1536, 2048]) param.dtype=torch.bfloat16 mcore_weight.shape=torch.Size([1536, 2048]) mcore_weight.dtype=torch.bfloat16 
local_name='decoder.layers.0.mlp.experts.linear_fc1.weight108' hf_names=['model.layers.0.mlp.experts.108.gate_proj.weight', 'model.layers.0.mlp.experts.108.up_proj.weight'] param.shape=torch.Size([1536, 2048]) param.dtype=torch.bfloat16 mcore_weight.shape=torch.Size([1536, 2048]) mcore_weight.dtype=torch.bfloat16 
local_name='decoder.layers.0.mlp.experts.linear_fc1.weight109' hf_names=['model.layers.0.mlp.experts.109.gate_proj.weight', 'model.layers.0.mlp.experts.109.up_proj.weight'] param.shape=torch.Size([1536, 2048]) param.dtype=torch.bfloat16 mcore_weight.shape=torch.Size([1536, 2048]) mcore_weight.dtype=torch.bfloat16 
local_name='decoder.layers.0.mlp.experts.linear_fc1.weight110' hf_names=['model.layers.0.mlp.experts.110.gate_proj.weight', 'model.layers.0.mlp.experts.110.up_proj.weight'] param.shape=torch.Size([1536, 2048]) param.dtype=torch.bfloat16 mcore_weight.shape=torch.Size([1536, 2048]) mcore_weight.dtype=torch.bfloat16 
local_name='decoder.layers.0.mlp.experts.linear_fc1.weight111' hf_names=['model.layers.0.mlp.experts.111.gate_proj.weight', 'model.layers.0.mlp.experts.111.up_proj.weight'] param.shape=torch.Size([1536, 2048]) param.dtype=torch.bfloat16 mcore_weight.shape=torch.Size([1536, 2048]) mcore_weight.dtype=torch.bfloat16 
local_name='decoder.layers.0.mlp.experts.linear_fc1.weight112' hf_names=['model.layers.0.mlp.experts.112.gate_proj.weight', 'model.layers.0.mlp.experts.112.up_proj.weight'] param.shape=torch.Size([1536, 2048]) param.dtype=torch.bfloat16 mcore_weight.shape=torch.Size([1536, 2048]) mcore_weight.dtype=torch.bfloat16 
local_name='decoder.layers.0.mlp.experts.linear_fc1.weight113' hf_names=['model.layers.0.mlp.experts.113.gate_proj.weight', 'model.layers.0.mlp.experts.113.up_proj.weight'] param.shape=torch.Size([1536, 2048]) param.dtype=torch.bfloat16 mcore_weight.shape=torch.Size([1536, 2048]) mcore_weight.dtype=torch.bfloat16 
local_name='decoder.layers.0.mlp.experts.linear_fc1.weight114' hf_names=['model.layers.0.mlp.experts.114.gate_proj.weight', 'model.layers.0.mlp.experts.114.up_proj.weight'] param.shape=torch.Size([1536, 2048]) param.dtype=torch.bfloat16 mcore_weight.shape=torch.Size([1536, 2048]) mcore_weight.dtype=torch.bfloat16 
local_name='decoder.layers.0.mlp.experts.linear_fc1.weight115' hf_names=['model.layers.0.mlp.experts.115.gate_proj.weight', 'model.layers.0.mlp.experts.115.up_proj.weight'] param.shape=torch.Size([1536, 2048]) param.dtype=torch.bfloat16 mcore_weight.shape=torch.Size([1536, 2048]) mcore_weight.dtype=torch.bfloat16 
local_name='decoder.layers.0.mlp.experts.linear_fc1.weight116' hf_names=['model.layers.0.mlp.experts.116.gate_proj.weight', 'model.layers.0.mlp.experts.116.up_proj.weight'] param.shape=torch.Size([1536, 2048]) param.dtype=torch.bfloat16 mcore_weight.shape=torch.Size([1536, 2048]) mcore_weight.dtype=torch.bfloat16 
local_name='decoder.layers.0.mlp.experts.linear_fc1.weight117' hf_names=['model.layers.0.mlp.experts.117.gate_proj.weight', 'model.layers.0.mlp.experts.117.up_proj.weight'] param.shape=torch.Size([1536, 2048]) param.dtype=torch.bfloat16 mcore_weight.shape=torch.Size([1536, 2048]) mcore_weight.dtype=torch.bfloat16 
local_name='decoder.layers.0.mlp.experts.linear_fc1.weight118' hf_names=['model.layers.0.mlp.experts.118.gate_proj.weight', 'model.layers.0.mlp.experts.118.up_proj.weight'] param.shape=torch.Size([1536, 2048]) param.dtype=torch.bfloat16 mcore_weight.shape=torch.Size([1536, 2048]) mcore_weight.dtype=torch.bfloat16 
local_name='decoder.layers.0.mlp.experts.linear_fc1.weight119' hf_names=['model.layers.0.mlp.experts.119.gate_proj.weight', 'model.layers.0.mlp.experts.119.up_proj.weight'] param.shape=torch.Size([1536, 2048]) param.dtype=torch.bfloat16 mcore_weight.shape=torch.Size([1536, 2048]) mcore_weight.dtype=torch.bfloat16 
local_name='decoder.layers.0.mlp.experts.linear_fc1.weight120' hf_names=['model.layers.0.mlp.experts.120.gate_proj.weight', 'model.layers.0.mlp.experts.120.up_proj.weight'] param.shape=torch.Size([1536, 2048]) param.dtype=torch.bfloat16 mcore_weight.shape=torch.Size([1536, 2048]) mcore_weight.dtype=torch.bfloat16 
local_name='decoder.layers.0.mlp.experts.linear_fc1.weight121' hf_names=['model.layers.0.mlp.experts.121.gate_proj.weight', 'model.layers.0.mlp.experts.121.up_proj.weight'] param.shape=torch.Size([1536, 2048]) param.dtype=torch.bfloat16 mcore_weight.shape=torch.Size([1536, 2048]) mcore_weight.dtype=torch.bfloat16 
local_name='decoder.layers.0.mlp.experts.linear_fc1.weight122' hf_names=['model.layers.0.mlp.experts.122.gate_proj.weight', 'model.layers.0.mlp.experts.122.up_proj.weight'] param.shape=torch.Size([1536, 2048]) param.dtype=torch.bfloat16 mcore_weight.shape=torch.Size([1536, 2048]) mcore_weight.dtype=torch.bfloat16 
local_name='decoder.layers.0.mlp.experts.linear_fc1.weight123' hf_names=['model.layers.0.mlp.experts.123.gate_proj.weight', 'model.layers.0.mlp.experts.123.up_proj.weight'] param.shape=torch.Size([1536, 2048]) param.dtype=torch.bfloat16 mcore_weight.shape=torch.Size([1536, 2048]) mcore_weight.dtype=torch.bfloat16 
local_name='decoder.layers.0.mlp.experts.linear_fc1.weight124' hf_names=['model.layers.0.mlp.experts.124.gate_proj.weight', 'model.layers.0.mlp.experts.124.up_proj.weight'] param.shape=torch.Size([1536, 2048]) param.dtype=torch.bfloat16 mcore_weight.shape=torch.Size([1536, 2048]) mcore_weight.dtype=torch.bfloat16 
local_name='decoder.layers.0.mlp.experts.linear_fc1.weight125' hf_names=['model.layers.0.mlp.experts.125.gate_proj.weight', 'model.layers.0.mlp.experts.125.up_proj.weight'] param.shape=torch.Size([1536, 2048]) param.dtype=torch.bfloat16 mcore_weight.shape=torch.Size([1536, 2048]) mcore_weight.dtype=torch.bfloat16 
local_name='decoder.layers.0.mlp.experts.linear_fc1.weight126' hf_names=['model.layers.0.mlp.experts.126.gate_proj.weight', 'model.layers.0.mlp.experts.126.up_proj.weight'] param.shape=torch.Size([1536, 2048]) param.dtype=torch.bfloat16 mcore_weight.shape=torch.Size([1536, 2048]) mcore_weight.dtype=torch.bfloat16 
local_name='decoder.layers.0.mlp.experts.linear_fc1.weight127' hf_names=['model.layers.0.mlp.experts.127.gate_proj.weight', 'model.layers.0.mlp.experts.127.up_proj.weight'] param.shape=torch.Size([1536, 2048]) param.dtype=torch.bfloat16 mcore_weight.shape=torch.Size([1536, 2048]) mcore_weight.dtype=torch.bfloat16 
local_name='decoder.layers.0.mlp.experts.linear_fc2.weight0' hf_names=['model.layers.0.mlp.experts.0.down_proj.weight'] param.shape=torch.Size([2048, 768]) param.dtype=torch.bfloat16 mcore_weight.shape=torch.Size([2048, 768]) mcore_weight.dtype=torch.bfloat16 
local_name='decoder.layers.0.mlp.experts.linear_fc2.weight1' hf_names=['model.layers.0.mlp.experts.1.down_proj.weight'] param.shape=torch.Size([2048, 768]) param.dtype=torch.bfloat16 mcore_weight.shape=torch.Size([2048, 768]) mcore_weight.dtype=torch.bfloat16 
local_name='decoder.layers.0.mlp.experts.linear_fc2.weight2' hf_names=['model.layers.0.mlp.experts.2.down_proj.weight'] param.shape=torch.Size([2048, 768]) param.dtype=torch.bfloat16 mcore_weight.shape=torch.Size([2048, 768]) mcore_weight.dtype=torch.bfloat16 
local_name='decoder.layers.0.mlp.experts.linear_fc2.weight3' hf_names=['model.layers.0.mlp.experts.3.down_proj.weight'] param.shape=torch.Size([2048, 768]) param.dtype=torch.bfloat16 mcore_weight.shape=torch.Size([2048, 768]) mcore_weight.dtype=torch.bfloat16 
local_name='decoder.layers.0.mlp.experts.linear_fc2.weight4' hf_names=['model.layers.0.mlp.experts.4.down_proj.weight'] param.shape=torch.Size([2048, 768]) param.dtype=torch.bfloat16 mcore_weight.shape=torch.Size([2048, 768]) mcore_weight.dtype=torch.bfloat16 
local_name='decoder.layers.0.mlp.experts.linear_fc2.weight5' hf_names=['model.layers.0.mlp.experts.5.down_proj.weight'] param.shape=torch.Size([2048, 768]) param.dtype=torch.bfloat16 mcore_weight.shape=torch.Size([2048, 768]) mcore_weight.dtype=torch.bfloat16 
local_name='decoder.layers.0.mlp.experts.linear_fc2.weight6' hf_names=['model.layers.0.mlp.experts.6.down_proj.weight'] param.shape=torch.Size([2048, 768]) param.dtype=torch.bfloat16 mcore_weight.shape=torch.Size([2048, 768]) mcore_weight.dtype=torch.bfloat16 
local_name='decoder.layers.0.mlp.experts.linear_fc2.weight7' hf_names=['model.layers.0.mlp.experts.7.down_proj.weight'] param.shape=torch.Size([2048, 768]) param.dtype=torch.bfloat16 mcore_weight.shape=torch.Size([2048, 768]) mcore_weight.dtype=torch.bfloat16 
local_name='decoder.layers.0.mlp.experts.linear_fc2.weight8' hf_names=['model.layers.0.mlp.experts.8.down_proj.weight'] param.shape=torch.Size([2048, 768]) param.dtype=torch.bfloat16 mcore_weight.shape=torch.Size([2048, 768]) mcore_weight.dtype=torch.bfloat16 
local_name='decoder.layers.0.mlp.experts.linear_fc2.weight9' hf_names=['model.layers.0.mlp.experts.9.down_proj.weight'] param.shape=torch.Size([2048, 768]) param.dtype=torch.bfloat16 mcore_weight.shape=torch.Size([2048, 768]) mcore_weight.dtype=torch.bfloat16 
local_name='decoder.layers.0.mlp.experts.linear_fc2.weight10' hf_names=['model.layers.0.mlp.experts.10.down_proj.weight'] param.shape=torch.Size([2048, 768]) param.dtype=torch.bfloat16 mcore_weight.shape=torch.Size([2048, 768]) mcore_weight.dtype=torch.bfloat16 
local_name='decoder.layers.0.mlp.experts.linear_fc2.weight11' hf_names=['model.layers.0.mlp.experts.11.down_proj.weight'] param.shape=torch.Size([2048, 768]) param.dtype=torch.bfloat16 mcore_weight.shape=torch.Size([2048, 768]) mcore_weight.dtype=torch.bfloat16 
local_name='decoder.layers.0.mlp.experts.linear_fc2.weight12' hf_names=['model.layers.0.mlp.experts.12.down_proj.weight'] param.shape=torch.Size([2048, 768]) param.dtype=torch.bfloat16 mcore_weight.shape=torch.Size([2048, 768]) mcore_weight.dtype=torch.bfloat16 
local_name='decoder.layers.0.mlp.experts.linear_fc2.weight13' hf_names=['model.layers.0.mlp.experts.13.down_proj.weight'] param.shape=torch.Size([2048, 768]) param.dtype=torch.bfloat16 mcore_weight.shape=torch.Size([2048, 768]) mcore_weight.dtype=torch.bfloat16 
local_name='decoder.layers.0.mlp.experts.linear_fc2.weight14' hf_names=['model.layers.0.mlp.experts.14.down_proj.weight'] param.shape=torch.Size([2048, 768]) param.dtype=torch.bfloat16 mcore_weight.shape=torch.Size([2048, 768]) mcore_weight.dtype=torch.bfloat16 
local_name='decoder.layers.0.mlp.experts.linear_fc2.weight15' hf_names=['model.layers.0.mlp.experts.15.down_proj.weight'] param.shape=torch.Size([2048, 768]) param.dtype=torch.bfloat16 mcore_weight.shape=torch.Size([2048, 768]) mcore_weight.dtype=torch.bfloat16 
local_name='decoder.layers.0.mlp.experts.linear_fc2.weight16' hf_names=['model.layers.0.mlp.experts.16.down_proj.weight'] param.shape=torch.Size([2048, 768]) param.dtype=torch.bfloat16 mcore_weight.shape=torch.Size([2048, 768]) mcore_weight.dtype=torch.bfloat16 
local_name='decoder.layers.0.mlp.experts.linear_fc2.weight17' hf_names=['model.layers.0.mlp.experts.17.down_proj.weight'] param.shape=torch.Size([2048, 768]) param.dtype=torch.bfloat16 mcore_weight.shape=torch.Size([2048, 768]) mcore_weight.dtype=torch.bfloat16 
local_name='decoder.layers.0.mlp.experts.linear_fc2.weight18' hf_names=['model.layers.0.mlp.experts.18.down_proj.weight'] param.shape=torch.Size([2048, 768]) param.dtype=torch.bfloat16 mcore_weight.shape=torch.Size([2048, 768]) mcore_weight.dtype=torch.bfloat16 
local_name='decoder.layers.0.mlp.experts.linear_fc2.weight19' hf_names=['model.layers.0.mlp.experts.19.down_proj.weight'] param.shape=torch.Size([2048, 768]) param.dtype=torch.bfloat16 mcore_weight.shape=torch.Size([2048, 768]) mcore_weight.dtype=torch.bfloat16 
local_name='decoder.layers.0.mlp.experts.linear_fc2.weight20' hf_names=['model.layers.0.mlp.experts.20.down_proj.weight'] param.shape=torch.Size([2048, 768]) param.dtype=torch.bfloat16 mcore_weight.shape=torch.Size([2048, 768]) mcore_weight.dtype=torch.bfloat16 
local_name='decoder.layers.0.mlp.experts.linear_fc2.weight21' hf_names=['model.layers.0.mlp.experts.21.down_proj.weight'] param.shape=torch.Size([2048, 768]) param.dtype=torch.bfloat16 mcore_weight.shape=torch.Size([2048, 768]) mcore_weight.dtype=torch.bfloat16 
local_name='decoder.layers.0.mlp.experts.linear_fc2.weight22' hf_names=['model.layers.0.mlp.experts.22.down_proj.weight'] param.shape=torch.Size([2048, 768]) param.dtype=torch.bfloat16 mcore_weight.shape=torch.Size([2048, 768]) mcore_weight.dtype=torch.bfloat16 
local_name='decoder.layers.0.mlp.experts.linear_fc2.weight23' hf_names=['model.layers.0.mlp.experts.23.down_proj.weight'] param.shape=torch.Size([2048, 768]) param.dtype=torch.bfloat16 mcore_weight.shape=torch.Size([2048, 768]) mcore_weight.dtype=torch.bfloat16 
local_name='decoder.layers.0.mlp.experts.linear_fc2.weight24' hf_names=['model.layers.0.mlp.experts.24.down_proj.weight'] param.shape=torch.Size([2048, 768]) param.dtype=torch.bfloat16 mcore_weight.shape=torch.Size([2048, 768]) mcore_weight.dtype=torch.bfloat16 
local_name='decoder.layers.0.mlp.experts.linear_fc2.weight25' hf_names=['model.layers.0.mlp.experts.25.down_proj.weight'] param.shape=torch.Size([2048, 768]) param.dtype=torch.bfloat16 mcore_weight.shape=torch.Size([2048, 768]) mcore_weight.dtype=torch.bfloat16 
local_name='decoder.layers.0.mlp.experts.linear_fc2.weight26' hf_names=['model.layers.0.mlp.experts.26.down_proj.weight'] param.shape=torch.Size([2048, 768]) param.dtype=torch.bfloat16 mcore_weight.shape=torch.Size([2048, 768]) mcore_weight.dtype=torch.bfloat16 
local_name='decoder.layers.0.mlp.experts.linear_fc2.weight27' hf_names=['model.layers.0.mlp.experts.27.down_proj.weight'] param.shape=torch.Size([2048, 768]) param.dtype=torch.bfloat16 mcore_weight.shape=torch.Size([2048, 768]) mcore_weight.dtype=torch.bfloat16 
local_name='decoder.layers.0.mlp.experts.linear_fc2.weight28' hf_names=['model.layers.0.mlp.experts.28.down_proj.weight'] param.shape=torch.Size([2048, 768]) param.dtype=torch.bfloat16 mcore_weight.shape=torch.Size([2048, 768]) mcore_weight.dtype=torch.bfloat16 
local_name='decoder.layers.0.mlp.experts.linear_fc2.weight29' hf_names=['model.layers.0.mlp.experts.29.down_proj.weight'] param.shape=torch.Size([2048, 768]) param.dtype=torch.bfloat16 mcore_weight.shape=torch.Size([2048, 768]) mcore_weight.dtype=torch.bfloat16 
local_name='decoder.layers.0.mlp.experts.linear_fc2.weight30' hf_names=['model.layers.0.mlp.experts.30.down_proj.weight'] param.shape=torch.Size([2048, 768]) param.dtype=torch.bfloat16 mcore_weight.shape=torch.Size([2048, 768]) mcore_weight.dtype=torch.bfloat16 
local_name='decoder.layers.0.mlp.experts.linear_fc2.weight31' hf_names=['model.layers.0.mlp.experts.31.down_proj.weight'] param.shape=torch.Size([2048, 768]) param.dtype=torch.bfloat16 mcore_weight.shape=torch.Size([2048, 768]) mcore_weight.dtype=torch.bfloat16 
local_name='decoder.layers.0.mlp.experts.linear_fc2.weight32' hf_names=['model.layers.0.mlp.experts.32.down_proj.weight'] param.shape=torch.Size([2048, 768]) param.dtype=torch.bfloat16 mcore_weight.shape=torch.Size([2048, 768]) mcore_weight.dtype=torch.bfloat16 
local_name='decoder.layers.0.mlp.experts.linear_fc2.weight33' hf_names=['model.layers.0.mlp.experts.33.down_proj.weight'] param.shape=torch.Size([2048, 768]) param.dtype=torch.bfloat16 mcore_weight.shape=torch.Size([2048, 768]) mcore_weight.dtype=torch.bfloat16 
local_name='decoder.layers.0.mlp.experts.linear_fc2.weight34' hf_names=['model.layers.0.mlp.experts.34.down_proj.weight'] param.shape=torch.Size([2048, 768]) param.dtype=torch.bfloat16 mcore_weight.shape=torch.Size([2048, 768]) mcore_weight.dtype=torch.bfloat16 
local_name='decoder.layers.0.mlp.experts.linear_fc2.weight35' hf_names=['model.layers.0.mlp.experts.35.down_proj.weight'] param.shape=torch.Size([2048, 768]) param.dtype=torch.bfloat16 mcore_weight.shape=torch.Size([2048, 768]) mcore_weight.dtype=torch.bfloat16 
local_name='decoder.layers.0.mlp.experts.linear_fc2.weight36' hf_names=['model.layers.0.mlp.experts.36.down_proj.weight'] param.shape=torch.Size([2048, 768]) param.dtype=torch.bfloat16 mcore_weight.shape=torch.Size([2048, 768]) mcore_weight.dtype=torch.bfloat16 
local_name='decoder.layers.0.mlp.experts.linear_fc2.weight37' hf_names=['model.layers.0.mlp.experts.37.down_proj.weight'] param.shape=torch.Size([2048, 768]) param.dtype=torch.bfloat16 mcore_weight.shape=torch.Size([2048, 768]) mcore_weight.dtype=torch.bfloat16 
local_name='decoder.layers.0.mlp.experts.linear_fc2.weight38' hf_names=['model.layers.0.mlp.experts.38.down_proj.weight'] param.shape=torch.Size([2048, 768]) param.dtype=torch.bfloat16 mcore_weight.shape=torch.Size([2048, 768]) mcore_weight.dtype=torch.bfloat16 
local_name='decoder.layers.0.mlp.experts.linear_fc2.weight39' hf_names=['model.layers.0.mlp.experts.39.down_proj.weight'] param.shape=torch.Size([2048, 768]) param.dtype=torch.bfloat16 mcore_weight.shape=torch.Size([2048, 768]) mcore_weight.dtype=torch.bfloat16 
local_name='decoder.layers.0.mlp.experts.linear_fc2.weight40' hf_names=['model.layers.0.mlp.experts.40.down_proj.weight'] param.shape=torch.Size([2048, 768]) param.dtype=torch.bfloat16 mcore_weight.shape=torch.Size([2048, 768]) mcore_weight.dtype=torch.bfloat16 
local_name='decoder.layers.0.mlp.experts.linear_fc2.weight41' hf_names=['model.layers.0.mlp.experts.41.down_proj.weight'] param.shape=torch.Size([2048, 768]) param.dtype=torch.bfloat16 mcore_weight.shape=torch.Size([2048, 768]) mcore_weight.dtype=torch.bfloat16 
local_name='decoder.layers.0.mlp.experts.linear_fc2.weight42' hf_names=['model.layers.0.mlp.experts.42.down_proj.weight'] param.shape=torch.Size([2048, 768]) param.dtype=torch.bfloat16 mcore_weight.shape=torch.Size([2048, 768]) mcore_weight.dtype=torch.bfloat16 
local_name='decoder.layers.0.mlp.experts.linear_fc2.weight43' hf_names=['model.layers.0.mlp.experts.43.down_proj.weight'] param.shape=torch.Size([2048, 768]) param.dtype=torch.bfloat16 mcore_weight.shape=torch.Size([2048, 768]) mcore_weight.dtype=torch.bfloat16 
local_name='decoder.layers.0.mlp.experts.linear_fc2.weight44' hf_names=['model.layers.0.mlp.experts.44.down_proj.weight'] param.shape=torch.Size([2048, 768]) param.dtype=torch.bfloat16 mcore_weight.shape=torch.Size([2048, 768]) mcore_weight.dtype=torch.bfloat16 
local_name='decoder.layers.0.mlp.experts.linear_fc2.weight45' hf_names=['model.layers.0.mlp.experts.45.down_proj.weight'] param.shape=torch.Size([2048, 768]) param.dtype=torch.bfloat16 mcore_weight.shape=torch.Size([2048, 768]) mcore_weight.dtype=torch.bfloat16 
local_name='decoder.layers.0.mlp.experts.linear_fc2.weight46' hf_names=['model.layers.0.mlp.experts.46.down_proj.weight'] param.shape=torch.Size([2048, 768]) param.dtype=torch.bfloat16 mcore_weight.shape=torch.Size([2048, 768]) mcore_weight.dtype=torch.bfloat16 
local_name='decoder.layers.0.mlp.experts.linear_fc2.weight47' hf_names=['model.layers.0.mlp.experts.47.down_proj.weight'] param.shape=torch.Size([2048, 768]) param.dtype=torch.bfloat16 mcore_weight.shape=torch.Size([2048, 768]) mcore_weight.dtype=torch.bfloat16 
local_name='decoder.layers.0.mlp.experts.linear_fc2.weight48' hf_names=['model.layers.0.mlp.experts.48.down_proj.weight'] param.shape=torch.Size([2048, 768]) param.dtype=torch.bfloat16 mcore_weight.shape=torch.Size([2048, 768]) mcore_weight.dtype=torch.bfloat16 
local_name='decoder.layers.0.mlp.experts.linear_fc2.weight49' hf_names=['model.layers.0.mlp.experts.49.down_proj.weight'] param.shape=torch.Size([2048, 768]) param.dtype=torch.bfloat16 mcore_weight.shape=torch.Size([2048, 768]) mcore_weight.dtype=torch.bfloat16 
local_name='decoder.layers.0.mlp.experts.linear_fc2.weight50' hf_names=['model.layers.0.mlp.experts.50.down_proj.weight'] param.shape=torch.Size([2048, 768]) param.dtype=torch.bfloat16 mcore_weight.shape=torch.Size([2048, 768]) mcore_weight.dtype=torch.bfloat16 
local_name='decoder.layers.0.mlp.experts.linear_fc2.weight51' hf_names=['model.layers.0.mlp.experts.51.down_proj.weight'] param.shape=torch.Size([2048, 768]) param.dtype=torch.bfloat16 mcore_weight.shape=torch.Size([2048, 768]) mcore_weight.dtype=torch.bfloat16 
local_name='decoder.layers.0.mlp.experts.linear_fc2.weight52' hf_names=['model.layers.0.mlp.experts.52.down_proj.weight'] param.shape=torch.Size([2048, 768]) param.dtype=torch.bfloat16 mcore_weight.shape=torch.Size([2048, 768]) mcore_weight.dtype=torch.bfloat16 
local_name='decoder.layers.0.mlp.experts.linear_fc2.weight53' hf_names=['model.layers.0.mlp.experts.53.down_proj.weight'] param.shape=torch.Size([2048, 768]) param.dtype=torch.bfloat16 mcore_weight.shape=torch.Size([2048, 768]) mcore_weight.dtype=torch.bfloat16 
local_name='decoder.layers.0.mlp.experts.linear_fc2.weight54' hf_names=['model.layers.0.mlp.experts.54.down_proj.weight'] param.shape=torch.Size([2048, 768]) param.dtype=torch.bfloat16 mcore_weight.shape=torch.Size([2048, 768]) mcore_weight.dtype=torch.bfloat16 
local_name='decoder.layers.0.mlp.experts.linear_fc2.weight55' hf_names=['model.layers.0.mlp.experts.55.down_proj.weight'] param.shape=torch.Size([2048, 768]) param.dtype=torch.bfloat16 mcore_weight.shape=torch.Size([2048, 768]) mcore_weight.dtype=torch.bfloat16 
local_name='decoder.layers.0.mlp.experts.linear_fc2.weight56' hf_names=['model.layers.0.mlp.experts.56.down_proj.weight'] param.shape=torch.Size([2048, 768]) param.dtype=torch.bfloat16 mcore_weight.shape=torch.Size([2048, 768]) mcore_weight.dtype=torch.bfloat16 
local_name='decoder.layers.0.mlp.experts.linear_fc2.weight57' hf_names=['model.layers.0.mlp.experts.57.down_proj.weight'] param.shape=torch.Size([2048, 768]) param.dtype=torch.bfloat16 mcore_weight.shape=torch.Size([2048, 768]) mcore_weight.dtype=torch.bfloat16 
local_name='decoder.layers.0.mlp.experts.linear_fc2.weight58' hf_names=['model.layers.0.mlp.experts.58.down_proj.weight'] param.shape=torch.Size([2048, 768]) param.dtype=torch.bfloat16 mcore_weight.shape=torch.Size([2048, 768]) mcore_weight.dtype=torch.bfloat16 
local_name='decoder.layers.0.mlp.experts.linear_fc2.weight59' hf_names=['model.layers.0.mlp.experts.59.down_proj.weight'] param.shape=torch.Size([2048, 768]) param.dtype=torch.bfloat16 mcore_weight.shape=torch.Size([2048, 768]) mcore_weight.dtype=torch.bfloat16 
local_name='decoder.layers.0.mlp.experts.linear_fc2.weight60' hf_names=['model.layers.0.mlp.experts.60.down_proj.weight'] param.shape=torch.Size([2048, 768]) param.dtype=torch.bfloat16 mcore_weight.shape=torch.Size([2048, 768]) mcore_weight.dtype=torch.bfloat16 
local_name='decoder.layers.0.mlp.experts.linear_fc2.weight61' hf_names=['model.layers.0.mlp.experts.61.down_proj.weight'] param.shape=torch.Size([2048, 768]) param.dtype=torch.bfloat16 mcore_weight.shape=torch.Size([2048, 768]) mcore_weight.dtype=torch.bfloat16 
local_name='decoder.layers.0.mlp.experts.linear_fc2.weight62' hf_names=['model.layers.0.mlp.experts.62.down_proj.weight'] param.shape=torch.Size([2048, 768]) param.dtype=torch.bfloat16 mcore_weight.shape=torch.Size([2048, 768]) mcore_weight.dtype=torch.bfloat16 
local_name='decoder.layers.0.mlp.experts.linear_fc2.weight63' hf_names=['model.layers.0.mlp.experts.63.down_proj.weight'] param.shape=torch.Size([2048, 768]) param.dtype=torch.bfloat16 mcore_weight.shape=torch.Size([2048, 768]) mcore_weight.dtype=torch.bfloat16 
local_name='decoder.layers.0.mlp.experts.linear_fc2.weight64' hf_names=['model.layers.0.mlp.experts.64.down_proj.weight'] param.shape=torch.Size([2048, 768]) param.dtype=torch.bfloat16 mcore_weight.shape=torch.Size([2048, 768]) mcore_weight.dtype=torch.bfloat16 
local_name='decoder.layers.0.mlp.experts.linear_fc2.weight65' hf_names=['model.layers.0.mlp.experts.65.down_proj.weight'] param.shape=torch.Size([2048, 768]) param.dtype=torch.bfloat16 mcore_weight.shape=torch.Size([2048, 768]) mcore_weight.dtype=torch.bfloat16 
local_name='decoder.layers.0.mlp.experts.linear_fc2.weight66' hf_names=['model.layers.0.mlp.experts.66.down_proj.weight'] param.shape=torch.Size([2048, 768]) param.dtype=torch.bfloat16 mcore_weight.shape=torch.Size([2048, 768]) mcore_weight.dtype=torch.bfloat16 
local_name='decoder.layers.0.mlp.experts.linear_fc2.weight67' hf_names=['model.layers.0.mlp.experts.67.down_proj.weight'] param.shape=torch.Size([2048, 768]) param.dtype=torch.bfloat16 mcore_weight.shape=torch.Size([2048, 768]) mcore_weight.dtype=torch.bfloat16 
local_name='decoder.layers.0.mlp.experts.linear_fc2.weight68' hf_names=['model.layers.0.mlp.experts.68.down_proj.weight'] param.shape=torch.Size([2048, 768]) param.dtype=torch.bfloat16 mcore_weight.shape=torch.Size([2048, 768]) mcore_weight.dtype=torch.bfloat16 
local_name='decoder.layers.0.mlp.experts.linear_fc2.weight69' hf_names=['model.layers.0.mlp.experts.69.down_proj.weight'] param.shape=torch.Size([2048, 768]) param.dtype=torch.bfloat16 mcore_weight.shape=torch.Size([2048, 768]) mcore_weight.dtype=torch.bfloat16 
local_name='decoder.layers.0.mlp.experts.linear_fc2.weight70' hf_names=['model.layers.0.mlp.experts.70.down_proj.weight'] param.shape=torch.Size([2048, 768]) param.dtype=torch.bfloat16 mcore_weight.shape=torch.Size([2048, 768]) mcore_weight.dtype=torch.bfloat16 
local_name='decoder.layers.0.mlp.experts.linear_fc2.weight71' hf_names=['model.layers.0.mlp.experts.71.down_proj.weight'] param.shape=torch.Size([2048, 768]) param.dtype=torch.bfloat16 mcore_weight.shape=torch.Size([2048, 768]) mcore_weight.dtype=torch.bfloat16 
local_name='decoder.layers.0.mlp.experts.linear_fc2.weight72' hf_names=['model.layers.0.mlp.experts.72.down_proj.weight'] param.shape=torch.Size([2048, 768]) param.dtype=torch.bfloat16 mcore_weight.shape=torch.Size([2048, 768]) mcore_weight.dtype=torch.bfloat16 
local_name='decoder.layers.0.mlp.experts.linear_fc2.weight73' hf_names=['model.layers.0.mlp.experts.73.down_proj.weight'] param.shape=torch.Size([2048, 768]) param.dtype=torch.bfloat16 mcore_weight.shape=torch.Size([2048, 768]) mcore_weight.dtype=torch.bfloat16 
local_name='decoder.layers.0.mlp.experts.linear_fc2.weight74' hf_names=['model.layers.0.mlp.experts.74.down_proj.weight'] param.shape=torch.Size([2048, 768]) param.dtype=torch.bfloat16 mcore_weight.shape=torch.Size([2048, 768]) mcore_weight.dtype=torch.bfloat16 
local_name='decoder.layers.0.mlp.experts.linear_fc2.weight75' hf_names=['model.layers.0.mlp.experts.75.down_proj.weight'] param.shape=torch.Size([2048, 768]) param.dtype=torch.bfloat16 mcore_weight.shape=torch.Size([2048, 768]) mcore_weight.dtype=torch.bfloat16 
local_name='decoder.layers.0.mlp.experts.linear_fc2.weight76' hf_names=['model.layers.0.mlp.experts.76.down_proj.weight'] param.shape=torch.Size([2048, 768]) param.dtype=torch.bfloat16 mcore_weight.shape=torch.Size([2048, 768]) mcore_weight.dtype=torch.bfloat16 
local_name='decoder.layers.0.mlp.experts.linear_fc2.weight77' hf_names=['model.layers.0.mlp.experts.77.down_proj.weight'] param.shape=torch.Size([2048, 768]) param.dtype=torch.bfloat16 mcore_weight.shape=torch.Size([2048, 768]) mcore_weight.dtype=torch.bfloat16 
local_name='decoder.layers.0.mlp.experts.linear_fc2.weight78' hf_names=['model.layers.0.mlp.experts.78.down_proj.weight'] param.shape=torch.Size([2048, 768]) param.dtype=torch.bfloat16 mcore_weight.shape=torch.Size([2048, 768]) mcore_weight.dtype=torch.bfloat16 
local_name='decoder.layers.0.mlp.experts.linear_fc2.weight79' hf_names=['model.layers.0.mlp.experts.79.down_proj.weight'] param.shape=torch.Size([2048, 768]) param.dtype=torch.bfloat16 mcore_weight.shape=torch.Size([2048, 768]) mcore_weight.dtype=torch.bfloat16 
local_name='decoder.layers.0.mlp.experts.linear_fc2.weight80' hf_names=['model.layers.0.mlp.experts.80.down_proj.weight'] param.shape=torch.Size([2048, 768]) param.dtype=torch.bfloat16 mcore_weight.shape=torch.Size([2048, 768]) mcore_weight.dtype=torch.bfloat16 
local_name='decoder.layers.0.mlp.experts.linear_fc2.weight81' hf_names=['model.layers.0.mlp.experts.81.down_proj.weight'] param.shape=torch.Size([2048, 768]) param.dtype=torch.bfloat16 mcore_weight.shape=torch.Size([2048, 768]) mcore_weight.dtype=torch.bfloat16 
local_name='decoder.layers.0.mlp.experts.linear_fc2.weight82' hf_names=['model.layers.0.mlp.experts.82.down_proj.weight'] param.shape=torch.Size([2048, 768]) param.dtype=torch.bfloat16 mcore_weight.shape=torch.Size([2048, 768]) mcore_weight.dtype=torch.bfloat16 
local_name='decoder.layers.0.mlp.experts.linear_fc2.weight83' hf_names=['model.layers.0.mlp.experts.83.down_proj.weight'] param.shape=torch.Size([2048, 768]) param.dtype=torch.bfloat16 mcore_weight.shape=torch.Size([2048, 768]) mcore_weight.dtype=torch.bfloat16 
local_name='decoder.layers.0.mlp.experts.linear_fc2.weight84' hf_names=['model.layers.0.mlp.experts.84.down_proj.weight'] param.shape=torch.Size([2048, 768]) param.dtype=torch.bfloat16 mcore_weight.shape=torch.Size([2048, 768]) mcore_weight.dtype=torch.bfloat16 
local_name='decoder.layers.0.mlp.experts.linear_fc2.weight85' hf_names=['model.layers.0.mlp.experts.85.down_proj.weight'] param.shape=torch.Size([2048, 768]) param.dtype=torch.bfloat16 mcore_weight.shape=torch.Size([2048, 768]) mcore_weight.dtype=torch.bfloat16 
local_name='decoder.layers.0.mlp.experts.linear_fc2.weight86' hf_names=['model.layers.0.mlp.experts.86.down_proj.weight'] param.shape=torch.Size([2048, 768]) param.dtype=torch.bfloat16 mcore_weight.shape=torch.Size([2048, 768]) mcore_weight.dtype=torch.bfloat16 
local_name='decoder.layers.0.mlp.experts.linear_fc2.weight87' hf_names=['model.layers.0.mlp.experts.87.down_proj.weight'] param.shape=torch.Size([2048, 768]) param.dtype=torch.bfloat16 mcore_weight.shape=torch.Size([2048, 768]) mcore_weight.dtype=torch.bfloat16 
local_name='decoder.layers.0.mlp.experts.linear_fc2.weight88' hf_names=['model.layers.0.mlp.experts.88.down_proj.weight'] param.shape=torch.Size([2048, 768]) param.dtype=torch.bfloat16 mcore_weight.shape=torch.Size([2048, 768]) mcore_weight.dtype=torch.bfloat16 
local_name='decoder.layers.0.mlp.experts.linear_fc2.weight89' hf_names=['model.layers.0.mlp.experts.89.down_proj.weight'] param.shape=torch.Size([2048, 768]) param.dtype=torch.bfloat16 mcore_weight.shape=torch.Size([2048, 768]) mcore_weight.dtype=torch.bfloat16 
local_name='decoder.layers.0.mlp.experts.linear_fc2.weight90' hf_names=['model.layers.0.mlp.experts.90.down_proj.weight'] param.shape=torch.Size([2048, 768]) param.dtype=torch.bfloat16 mcore_weight.shape=torch.Size([2048, 768]) mcore_weight.dtype=torch.bfloat16 
local_name='decoder.layers.0.mlp.experts.linear_fc2.weight91' hf_names=['model.layers.0.mlp.experts.91.down_proj.weight'] param.shape=torch.Size([2048, 768]) param.dtype=torch.bfloat16 mcore_weight.shape=torch.Size([2048, 768]) mcore_weight.dtype=torch.bfloat16 
local_name='decoder.layers.0.mlp.experts.linear_fc2.weight92' hf_names=['model.layers.0.mlp.experts.92.down_proj.weight'] param.shape=torch.Size([2048, 768]) param.dtype=torch.bfloat16 mcore_weight.shape=torch.Size([2048, 768]) mcore_weight.dtype=torch.bfloat16 
local_name='decoder.layers.0.mlp.experts.linear_fc2.weight93' hf_names=['model.layers.0.mlp.experts.93.down_proj.weight'] param.shape=torch.Size([2048, 768]) param.dtype=torch.bfloat16 mcore_weight.shape=torch.Size([2048, 768]) mcore_weight.dtype=torch.bfloat16 
local_name='decoder.layers.0.mlp.experts.linear_fc2.weight94' hf_names=['model.layers.0.mlp.experts.94.down_proj.weight'] param.shape=torch.Size([2048, 768]) param.dtype=torch.bfloat16 mcore_weight.shape=torch.Size([2048, 768]) mcore_weight.dtype=torch.bfloat16 
local_name='decoder.layers.0.mlp.experts.linear_fc2.weight95' hf_names=['model.layers.0.mlp.experts.95.down_proj.weight'] param.shape=torch.Size([2048, 768]) param.dtype=torch.bfloat16 mcore_weight.shape=torch.Size([2048, 768]) mcore_weight.dtype=torch.bfloat16 
local_name='decoder.layers.0.mlp.experts.linear_fc2.weight96' hf_names=['model.layers.0.mlp.experts.96.down_proj.weight'] param.shape=torch.Size([2048, 768]) param.dtype=torch.bfloat16 mcore_weight.shape=torch.Size([2048, 768]) mcore_weight.dtype=torch.bfloat16 
local_name='decoder.layers.0.mlp.experts.linear_fc2.weight97' hf_names=['model.layers.0.mlp.experts.97.down_proj.weight'] param.shape=torch.Size([2048, 768]) param.dtype=torch.bfloat16 mcore_weight.shape=torch.Size([2048, 768]) mcore_weight.dtype=torch.bfloat16 
local_name='decoder.layers.0.mlp.experts.linear_fc2.weight98' hf_names=['model.layers.0.mlp.experts.98.down_proj.weight'] param.shape=torch.Size([2048, 768]) param.dtype=torch.bfloat16 mcore_weight.shape=torch.Size([2048, 768]) mcore_weight.dtype=torch.bfloat16 
local_name='decoder.layers.0.mlp.experts.linear_fc2.weight99' hf_names=['model.layers.0.mlp.experts.99.down_proj.weight'] param.shape=torch.Size([2048, 768]) param.dtype=torch.bfloat16 mcore_weight.shape=torch.Size([2048, 768]) mcore_weight.dtype=torch.bfloat16 
local_name='decoder.layers.0.mlp.experts.linear_fc2.weight100' hf_names=['model.layers.0.mlp.experts.100.down_proj.weight'] param.shape=torch.Size([2048, 768]) param.dtype=torch.bfloat16 mcore_weight.shape=torch.Size([2048, 768]) mcore_weight.dtype=torch.bfloat16 
local_name='decoder.layers.0.mlp.experts.linear_fc2.weight101' hf_names=['model.layers.0.mlp.experts.101.down_proj.weight'] param.shape=torch.Size([2048, 768]) param.dtype=torch.bfloat16 mcore_weight.shape=torch.Size([2048, 768]) mcore_weight.dtype=torch.bfloat16 
local_name='decoder.layers.0.mlp.experts.linear_fc2.weight102' hf_names=['model.layers.0.mlp.experts.102.down_proj.weight'] param.shape=torch.Size([2048, 768]) param.dtype=torch.bfloat16 mcore_weight.shape=torch.Size([2048, 768]) mcore_weight.dtype=torch.bfloat16 
local_name='decoder.layers.0.mlp.experts.linear_fc2.weight103' hf_names=['model.layers.0.mlp.experts.103.down_proj.weight'] param.shape=torch.Size([2048, 768]) param.dtype=torch.bfloat16 mcore_weight.shape=torch.Size([2048, 768]) mcore_weight.dtype=torch.bfloat16 
local_name='decoder.layers.0.mlp.experts.linear_fc2.weight104' hf_names=['model.layers.0.mlp.experts.104.down_proj.weight'] param.shape=torch.Size([2048, 768]) param.dtype=torch.bfloat16 mcore_weight.shape=torch.Size([2048, 768]) mcore_weight.dtype=torch.bfloat16 
local_name='decoder.layers.0.mlp.experts.linear_fc2.weight105' hf_names=['model.layers.0.mlp.experts.105.down_proj.weight'] param.shape=torch.Size([2048, 768]) param.dtype=torch.bfloat16 mcore_weight.shape=torch.Size([2048, 768]) mcore_weight.dtype=torch.bfloat16 
local_name='decoder.layers.0.mlp.experts.linear_fc2.weight106' hf_names=['model.layers.0.mlp.experts.106.down_proj.weight'] param.shape=torch.Size([2048, 768]) param.dtype=torch.bfloat16 mcore_weight.shape=torch.Size([2048, 768]) mcore_weight.dtype=torch.bfloat16 
local_name='decoder.layers.0.mlp.experts.linear_fc2.weight107' hf_names=['model.layers.0.mlp.experts.107.down_proj.weight'] param.shape=torch.Size([2048, 768]) param.dtype=torch.bfloat16 mcore_weight.shape=torch.Size([2048, 768]) mcore_weight.dtype=torch.bfloat16 
local_name='decoder.layers.0.mlp.experts.linear_fc2.weight108' hf_names=['model.layers.0.mlp.experts.108.down_proj.weight'] param.shape=torch.Size([2048, 768]) param.dtype=torch.bfloat16 mcore_weight.shape=torch.Size([2048, 768]) mcore_weight.dtype=torch.bfloat16 
local_name='decoder.layers.0.mlp.experts.linear_fc2.weight109' hf_names=['model.layers.0.mlp.experts.109.down_proj.weight'] param.shape=torch.Size([2048, 768]) param.dtype=torch.bfloat16 mcore_weight.shape=torch.Size([2048, 768]) mcore_weight.dtype=torch.bfloat16 
local_name='decoder.layers.0.mlp.experts.linear_fc2.weight110' hf_names=['model.layers.0.mlp.experts.110.down_proj.weight'] param.shape=torch.Size([2048, 768]) param.dtype=torch.bfloat16 mcore_weight.shape=torch.Size([2048, 768]) mcore_weight.dtype=torch.bfloat16 
local_name='decoder.layers.0.mlp.experts.linear_fc2.weight111' hf_names=['model.layers.0.mlp.experts.111.down_proj.weight'] param.shape=torch.Size([2048, 768]) param.dtype=torch.bfloat16 mcore_weight.shape=torch.Size([2048, 768]) mcore_weight.dtype=torch.bfloat16 
local_name='decoder.layers.0.mlp.experts.linear_fc2.weight112' hf_names=['model.layers.0.mlp.experts.112.down_proj.weight'] param.shape=torch.Size([2048, 768]) param.dtype=torch.bfloat16 mcore_weight.shape=torch.Size([2048, 768]) mcore_weight.dtype=torch.bfloat16 
local_name='decoder.layers.0.mlp.experts.linear_fc2.weight113' hf_names=['model.layers.0.mlp.experts.113.down_proj.weight'] param.shape=torch.Size([2048, 768]) param.dtype=torch.bfloat16 mcore_weight.shape=torch.Size([2048, 768]) mcore_weight.dtype=torch.bfloat16 
local_name='decoder.layers.0.mlp.experts.linear_fc2.weight114' hf_names=['model.layers.0.mlp.experts.114.down_proj.weight'] param.shape=torch.Size([2048, 768]) param.dtype=torch.bfloat16 mcore_weight.shape=torch.Size([2048, 768]) mcore_weight.dtype=torch.bfloat16 
local_name='decoder.layers.0.mlp.experts.linear_fc2.weight115' hf_names=['model.layers.0.mlp.experts.115.down_proj.weight'] param.shape=torch.Size([2048, 768]) param.dtype=torch.bfloat16 mcore_weight.shape=torch.Size([2048, 768]) mcore_weight.dtype=torch.bfloat16 
local_name='decoder.layers.0.mlp.experts.linear_fc2.weight116' hf_names=['model.layers.0.mlp.experts.116.down_proj.weight'] param.shape=torch.Size([2048, 768]) param.dtype=torch.bfloat16 mcore_weight.shape=torch.Size([2048, 768]) mcore_weight.dtype=torch.bfloat16 
local_name='decoder.layers.0.mlp.experts.linear_fc2.weight117' hf_names=['model.layers.0.mlp.experts.117.down_proj.weight'] param.shape=torch.Size([2048, 768]) param.dtype=torch.bfloat16 mcore_weight.shape=torch.Size([2048, 768]) mcore_weight.dtype=torch.bfloat16 
local_name='decoder.layers.0.mlp.experts.linear_fc2.weight118' hf_names=['model.layers.0.mlp.experts.118.down_proj.weight'] param.shape=torch.Size([2048, 768]) param.dtype=torch.bfloat16 mcore_weight.shape=torch.Size([2048, 768]) mcore_weight.dtype=torch.bfloat16 
local_name='decoder.layers.0.mlp.experts.linear_fc2.weight119' hf_names=['model.layers.0.mlp.experts.119.down_proj.weight'] param.shape=torch.Size([2048, 768]) param.dtype=torch.bfloat16 mcore_weight.shape=torch.Size([2048, 768]) mcore_weight.dtype=torch.bfloat16 
local_name='decoder.layers.0.mlp.experts.linear_fc2.weight120' hf_names=['model.layers.0.mlp.experts.120.down_proj.weight'] param.shape=torch.Size([2048, 768]) param.dtype=torch.bfloat16 mcore_weight.shape=torch.Size([2048, 768]) mcore_weight.dtype=torch.bfloat16 
local_name='decoder.layers.0.mlp.experts.linear_fc2.weight121' hf_names=['model.layers.0.mlp.experts.121.down_proj.weight'] param.shape=torch.Size([2048, 768]) param.dtype=torch.bfloat16 mcore_weight.shape=torch.Size([2048, 768]) mcore_weight.dtype=torch.bfloat16 
local_name='decoder.layers.0.mlp.experts.linear_fc2.weight122' hf_names=['model.layers.0.mlp.experts.122.down_proj.weight'] param.shape=torch.Size([2048, 768]) param.dtype=torch.bfloat16 mcore_weight.shape=torch.Size([2048, 768]) mcore_weight.dtype=torch.bfloat16 
local_name='decoder.layers.0.mlp.experts.linear_fc2.weight123' hf_names=['model.layers.0.mlp.experts.123.down_proj.weight'] param.shape=torch.Size([2048, 768]) param.dtype=torch.bfloat16 mcore_weight.shape=torch.Size([2048, 768]) mcore_weight.dtype=torch.bfloat16 
local_name='decoder.layers.0.mlp.experts.linear_fc2.weight124' hf_names=['model.layers.0.mlp.experts.124.down_proj.weight'] param.shape=torch.Size([2048, 768]) param.dtype=torch.bfloat16 mcore_weight.shape=torch.Size([2048, 768]) mcore_weight.dtype=torch.bfloat16 
local_name='decoder.layers.0.mlp.experts.linear_fc2.weight125' hf_names=['model.layers.0.mlp.experts.125.down_proj.weight'] param.shape=torch.Size([2048, 768]) param.dtype=torch.bfloat16 mcore_weight.shape=torch.Size([2048, 768]) mcore_weight.dtype=torch.bfloat16 
local_name='decoder.layers.0.mlp.experts.linear_fc2.weight126' hf_names=['model.layers.0.mlp.experts.126.down_proj.weight'] param.shape=torch.Size([2048, 768]) param.dtype=torch.bfloat16 mcore_weight.shape=torch.Size([2048, 768]) mcore_weight.dtype=torch.bfloat16 
local_name='decoder.layers.0.mlp.experts.linear_fc2.weight127' hf_names=['model.layers.0.mlp.experts.127.down_proj.weight'] param.shape=torch.Size([2048, 768]) param.dtype=torch.bfloat16 mcore_weight.shape=torch.Size([2048, 768]) mcore_weight.dtype=torch.bfloat16 
local_name='decoder.final_layernorm.weight' hf_names=['model.norm.weight'] param.shape=torch.Size([2048]) param.dtype=torch.bfloat16 mcore_weight.shape=torch.Size([2048]) mcore_weight.dtype=torch.bfloat16 
param_to_load.shape=torch.Size([2048])
[torch.Size([2048])]
local_name='output_layer.weight' hf_names=['lm_head.weight'] param.shape=torch.Size([151936, 2048]) param.dtype=torch.bfloat16 mcore_weight.shape=torch.Size([151936, 2048]) mcore_weight.dtype=torch.bfloat16 
param_to_load.shape=torch.Size([151936, 2048])
[torch.Size([151936, 2048])]
Model loaded: assets/qwen3_moe_small/
hf_model loaded: cuda:0
  0%|          | 0/1 [00:00<?, ?it/s]100%|██████████| 1/1 [00:02<00:00,  2.23s/it]100%|██████████| 1/1 [00:02<00:00,  2.23s/it]
Topk token ids:
Topk ids mismatch: 0: [78324, 55550, 113015, 88146, 22417] [78324, 22417, 55550, 113015, 135597]
Topk ids mismatch: 1: [111781, 84864, 82003, 49509, 13312] [111781, 82003, 90594, 84864, 49509]
Topk ids mismatch: 2: [13888, 85913, 13202, 6313, 94372] [13888, 85913, 13202, 6313, 147303]
Topk ids mismatch: 3: [84338, 43157, 57737, 138080, 138676] [57737, 84338, 43157, 138080, 138676]
Topk ids mismatch: 4: [96649, 19652, 35291, 92966, 42869] [96649, 70630, 42869, 35291, 120896]
Topk ids mismatch: 5: [63116, 18281, 31985, 20244, 132189] [63116, 63452, 81399, 20244, 18281]
Topk ids mismatch: 6: [24502, 82127, 119916, 39439, 25847] [82127, 24502, 96839, 119916, 39439]
Topk ids mismatch: 7: [68865, 60124, 103637, 76648, 146205] [60124, 76648, 68865, 29087, 146205]
Topk ids mismatch: 8: [21147, 151156, 76648, 113293, 34693] [76648, 21147, 87542, 104140, 145769]
Topk ids mismatch: 9: [148937, 102409, 70630, 108164, 64056] [70630, 92098, 39882, 108164, 97901]
Topk ids mismatch: 10: [34426, 21307, 101940, 134023, 150918] [34426, 70748, 101940, 102295, 21307]
Topk ids mismatch: 11: [129815, 93141, 121030, 13226, 81650] [81650, 129815, 77298, 93141, 74830]
logits diff: 1.0273
[rank0]:[W719 15:49:14.858927949 ProcessGroupNCCL.cpp:1479] Warning: WARNING: destroy_process_group() was not called before program exit, which can leak resources. For more info, please see https://pytorch.org/docs/stable/distributed.html#shutdown (function operator())
